// Jest Snapshot v1, https://goo.gl/fbAQLP

exports[`rendering renders as expected 1`] = `
<TouchableOpacity
  activeOpacity={0.2}
>
  <Icon
    allowFontScaling={false}
    name="log-out"
    size={35}
    style={
      Object {
        "color": "#364350",
      }
    }
  />
</TouchableOpacity>
`;
